constants:
12345
-12345
true
false

variables:
12345
-12345
true
false

