na stacku je: false
Cislo a string:
Tohle je string a cislo: 4096
