Hello from temp frame!
Now from <local> frame
Global also works
