na stacku je bool s hodnotou: false
Cislo a string:
Tohle je string a cislo: 4096
